Router>enable
Router#
Router#configure terminal
Enter configuration commands, one per line.  End with CNTL/Z.
Router(config)#interface FastEthernet0/0
Router(config-if)#ip address 192.168.4.1 255.255.255.0
Router(config-if)#ip address 192.168.4.1 255.255.255.0
Router(config-if)#no shutdown
Router(config-if)#
%LINK-5-CHANGED: Interface FastEthernet0/0, changed state to up

%LINEPROTO-5-UPDOWN: Line protocol on Interface FastEthernet0/0, changed state to up

Router(config-if)#exit
Router(config)#interface FastEthernet0/1
Router(config-if)#ip address 192.168.5.1 255.255.255.0
Router(config-if)#ip address 192.168.5.1 255.255.255.0
Router(config-if)#no shutdown
Router(config-if)#
%LINK-5-CHANGED: Interface FastEthernet0/1, changed state to up

%LINEPROTO-5-UPDOWN: Line protocol on Interface FastEthernet0/1, changed state to up

Router(config-if)#exit
Router(config)#interface Ethernet0/2/0
Router(config-if)#ip address 192.168.9.2 255.255.255.0
Router(config-if)#ip address 192.168.9.2 255.255.255.0
Router(config-if)#no shutdown
Router(config-if)#
%LINK-5-CHANGED: Interface Ethernet0/2/0, changed state to up

%LINEPROTO-5-UPDOWN: Line protocol on Interface Ethernet0/2/0, changed state to up

Router(config-if)#
Router(config-if)#exit
Router(config)#interface Ethernet0/3/0
Router(config-if)#ip address 192.168.10.1 255.255.255.0
Router(config-if)#ip address 192.168.10.1 255.255.255.0
Router(config-if)#no shutdown
Router(config-if)#
%LINK-5-CHANGED: Interface Ethernet0/3/0, changed state to up

%LINEPROTO-5-UPDOWN: Line protocol on Interface Ethernet0/3/0, changed state to up
%IP-4-DUPADDR: Duplicate address 192.168.10.1 on Ethernet0/3/0, sourced by 0060.2F7D.D3E9
%IP-4-DUPADDR: Duplicate address 192.168.10.1 on Ethernet0/3/0, sourced by 0060.2F7D.D3E9









Router con0 is now available






Press RETURN to get started.













Press RETURN to get started!



Router>
Router>en
Router#configure terminal
Enter configuration commands, one per line.  End with CNTL/Z.
Router(config)#ip dhcp pool icepc3
Router(dhcp-config)#network 192.168.4.0 255.255.255.0
Router(dhcp-config)#default-router 192.168.4.1
Router(dhcp-config)#exit
Router(config)#exit
Router#
%SYS-5-CONFIG_I: Configured from console by console
wr
Building configuration...
[OK]
Router#configure terminal
Enter configuration commands, one per line.  End with CNTL/Z.
Router(config)#ip dhcp pool icepc4
Router(dhcp-config)#network 192.168.5.0 255.255.255.0
Router(dhcp-config)#default-router 192.168.5.1
Router(dhcp-config)#exit
Router(config)#exit
Router#
%SYS-5-CONFIG_I: Configured from console by console
wr
Building configuration...
[OK]
Router#configure terminal
Enter configuration commands, one per line.  End with CNTL/Z.
Router(config)#router rip
Router(config-router)#interface Etherrnet0/2/0
                      ^
% Invalid input detected at '^' marker.
	
Router(config-router)#interface Ethernet0/2/0
Router(config-if)#exit
Router(config)#interface Ethernet0/3/0
Router(config-if)#exit
Router(config)#
Router(config)#
Router(config)#
Router(config)#
Router(config)#router rip
Router(config-router)#network 192.168.4.0
Router(config-router)#network 192.168.5.0
Router(config-router)#network 192.168.9.0
Router(config-router)#network 192.168.10.0
Router(config-router)#








Router con0 is now available






Press RETURN to get started.













Press RETURN to get started!


%LINK-5-CHANGED: Interface Vlan1, changed state to up

%LINK-5-CHANGED: Interface Ethernet0/0/0, changed state to up

%LINK-5-CHANGED: Interface Ethernet0/1/0, changed state to up
