Router0>
Router>en
Router#configure terminal
Enter configuration commands, one per line.  End with CNTL/Z.
Router(config)#interface fastEthernet0/0
Router(config-if)#ip address 192.168.1.1 255.255.255.0
Router(config-if)#no shutdown

Router(config-if)#
%LINK-5-CHANGED: Interface FastEthernet0/0, changed state to up

%LINEPROTO-5-UPDOWN: Line protocol on Interface FastEthernet0/0, changed state to up

Router(config-if)#exit
Router(config)#interface fastEthernet0/1
Router(config-if)#ip address 192.168.9.1
% Incomplete command.
Router(config-if)#ip address 192.168.9.1 255.255.255.0
Router(config-if)#no shutdown

Router(config-if)#
%LINK-5-CHANGED: Interface FastEthernet0/1, changed state to up

%LINEPROTO-5-UPDOWN: Line protocol on Interface FastEthernet0/1, changed state to up

Router(config-if)#exit
Router(config)#interface Ethernet0/2/0
Router(config-if)#ip address 192.168.2.1 255.255.255.0
Router(config-if)#no shutdown

Router(config-if)#
%LINK-5-CHANGED: Interface Ethernet0/2/0, changed state to up

Router(config-if)#exit
Router(config)#router rip
Router(config-router)#exit
Router(config)#router eigrp 20
Router(config-router)#network 192.168.1.0








Router con0 is now available






Press RETURN to get started.













Router>
Router>en
Router#configure terminal
Enter configuration commands, one per line.  End with CNTL/Z.
Router(config)#router eigrp 20
Router(config-router)#network 192.168.1.0
Router(config-router)#network 192.168.2.0
Router(config-router)#network 192.168.9.0
Router(config-router)#exit
Router(config)#exit
Router#
%SYS-5-CONFIG_I: Configured from console by console
wr
Building configuration...
[OK]
Router#
Router#
Router#
Router#configure terminal
Enter configuration commands, one per line.  End with CNTL/Z.
Router(config)#interface FastEthernet0/0
Router(config-if)#
Router(config-if)#exit
Router(config)#interface Ethernet0/2/0
Router(config-if)#
%LINEPROTO-5-UPDOWN: Line protocol on Interface Ethernet0/2/0, changed state to up

%DUAL-5-NBRCHANGE: IP-EIGRP 20: Neighbor 192.168.2.2 (Ethernet0/2/0) is up: new adjacency









Router con0 is now available






Press RETURN to get started.













Press RETURN to get started!


%LINK-5-CHANGED: Interface Vlan1, changed state to up

%LINK-5-CHANGED: Interface Ethernet0/0/0, changed state to up

%LINK-5-CHANGED: Interface Ethernet0/3/0, changed state to up

%LINK-5-CHANGED: Interface Ethernet0/1/0, changed state to up


Router1>en
Router#configure terminal
Enter configuration commands, one per line.  End with CNTL/Z.
Router(config)#
Router(config)#
Router(config)#interface FastEthernet0/0
Router(config-if)#ip address 192.168.8.1 255.255.255.0
Router(config-if)#ip address 192.168.8.1 255.255.255.0
Router(config-if)#no shutdown
Router(config-if)#
%LINK-5-CHANGED: Interface FastEthernet0/0, changed state to up

%LINEPROTO-5-UPDOWN: Line protocol on Interface FastEthernet0/0, changed state to up

Router(config-if)#exit
Router(config)#interface FastEthernet0/1
Router(config-if)#ip address 192.168.2.2 255.255.255.0
Router(config-if)#ip address 192.168.2.2 255.255.255.0
Router(config-if)#no shutdown
Router(config-if)#
%LINK-5-CHANGED: Interface FastEthernet0/1, changed state to up

%LINEPROTO-5-UPDOWN: Line protocol on Interface FastEthernet0/1, changed state to up

Router(config-if)#exit
Router(config)#interface Ethernet0/0/0
Router(config-if)#ip address 192.168.3.1 255.255.255.0
Router(config-if)#ip address 192.168.3.1 255.255.255.0
Router(config-if)#no shutdown
Router(config-if)#
%LINK-5-CHANGED: Interface Ethernet0/0/0, changed state to up

Router(config-if)#router eigrp 20
Router(config-router)#network 192.168.8.0
Router(config-router)#network 192.168.2.0
Router(config-router)#
%DUAL-5-NBRCHANGE: IP-EIGRP 20: Neighbor 192.168.2.1 (FastEthernet0/1) is up: new adjacency

Router(config-router)#network 192.168.3.0
Router(config-router)#exit
Router(config)#exit
Router#
%SYS-5-CONFIG_I: Configured from console by console
wr
Building configuration...
[OK]
Router#
%LINEPROTO-5-UPDOWN: Line protocol on Interface Ethernet0/0/0, changed state to up

%DUAL-5-NBRCHANGE: IP-EIGRP 20: Neighbor 192.168.3.2 (Ethernet0/0/0) is up: new adjacency









Router con0 is now available






Press RETURN to get started.





Router2>enable
Router#
Router#configure terminal
Enter configuration commands, one per line.  End with CNTL/Z.
Router(config)#interface FastEthernet0/0
Router(config-if)#ip address 192.168.7.1 255.255.255.0
Router(config-if)#ip address 192.168.7.1 255.255.255.0
Router(config-if)#no shutdown
Router(config-if)#
%LINK-5-CHANGED: Interface FastEthernet0/0, changed state to up

%LINEPROTO-5-UPDOWN: Line protocol on Interface FastEthernet0/0, changed state to up

Router(config-if)#exit
Router(config)#interface FastEthernet0/1
Router(config-if)#ip address 192.168.3.2 255.255.255.0
Router(config-if)#ip address 192.168.3.2 255.255.255.0
Router(config-if)#no shutdown
Router(config-if)#
%LINK-5-CHANGED: Interface FastEthernet0/1, changed state to up

%LINEPROTO-5-UPDOWN: Line protocol on Interface FastEthernet0/1, changed state to up

Router(config-if)#exit
Router(config)#interface Ethernet0/0/0
Router(config-if)#ip address 192.168.4.1 255.255.255.0
Router(config-if)#ip address 192.168.4.1 255.255.255.0
Router(config-if)#no shutdown
Router(config-if)#
%LINK-5-CHANGED: Interface Ethernet0/0/0, changed state to up

Router(config-if)#router eigrp 20
Router(config-router)#network 192.168.7.0
Router(config-router)#network 192.168.3.0
Router(config-router)#
%DUAL-5-NBRCHANGE: IP-EIGRP 20: Neighbor 192.168.3.1 (FastEthernet0/1) is up: new adjacency

Router(config-router)#network 192.168.4.0
Router(config-router)#exit
Router(config)#exit
Router#
%SYS-5-CONFIG_I: Configured from console by console
wr
Building configuration...
[OK]
Router#
%LINEPROTO-5-UPDOWN: Line protocol on Interface Ethernet0/0/0, changed state to up

%DUAL-5-NBRCHANGE: IP-EIGRP 20: Neighbor 192.168.4.2 (Ethernet0/0/0) is up: new adjacency




Router3>enable
Router#
Router#configure terminal
Enter configuration commands, one per line.  End with CNTL/Z.
Router(config)#interface FastEthernet0/0
Router(config-if)#ip address 192.168.6.1 255.255.255.0
Router(config-if)#ip address 192.168.6.1 255.255.255.0
Router(config-if)#no shutdown
Router(config-if)#
%LINK-5-CHANGED: Interface FastEthernet0/0, changed state to up

%LINEPROTO-5-UPDOWN: Line protocol on Interface FastEthernet0/0, changed state to up

Router(config-if)#exit
Router(config)#interface Ethernet0/2/0
Router(config-if)#ip address 192.168.4.2 255.255.255.0
Router(config-if)#ip address 192.168.4.2 255.255.255.0
Router(config-if)#no shutdown
Router(config-if)#
%LINK-5-CHANGED: Interface Ethernet0/2/0, changed state to up

%LINEPROTO-5-UPDOWN: Line protocol on Interface Ethernet0/2/0, changed state to up

Router(config-if)#exit
Router(config)#interface FastEthernet0/1
Router(config-if)#ip address 192.168.5.1 255.255.255.0
Router(config-if)#ip address 192.168.5.1 255.255.255.0
Router(config-if)#no shutdown
Router(config-if)#
%LINK-5-CHANGED: Interface FastEthernet0/1, changed state to up

%LINEPROTO-5-UPDOWN: Line protocol on Interface FastEthernet0/1, changed state to up

Router(config-if)#exit
Router(config)#interface Ethernet0/1/0
Router(config-if)#
Router(config-if)#exit
Router(config)#interface Ethernet0/2/0
Router(config-if)#
Router(config-if)#exit
Router(config)#interface Ethernet0/3/0
Router(config-if)#
Router(config-if)#
Router(config-if)#exit
Router(config)#router eigrp 20
Router(config-router)#network 192.168.6.0
Router(config-router)#network 192.168.5.0
Router(config-router)#network 192.168.4.0
Router(config-router)#
%DUAL-5-NBRCHANGE: IP-EIGRP 20: Neighbor 192.168.4.1 (Ethernet0/2/0) is up: new adjacency

Router(config-router)#network 192.168.4.0
Router(config-router)#network 192.168.5.0
Router(config-router)#network 192.168.6.0
Router(config-router)#
Router(config-router)#exit
Router(config)#wr
               ^
% Invalid input detected at '^' marker.
	
Router(config)#exit
Router#
%SYS-5-CONFIG_I: Configured from console by console
wr
Building configuration...
[OK]
Router#
